// Jest Snapshot v1, https://goo.gl/fbAQLP

exports[`Tesing for <Settings /> screen: matches snapshot 1`] = `null`;
