// Jest Snapshot v1, https://goo.gl/fbAQLP

exports[`UserAvatar should render correctly should render user avatar correctly 1`] = `[Function]`;
