// Jest Snapshot v1, https://goo.gl/fbAQLP

exports[`Logo should render correctly should render correctly 1`] = `[Function]`;
