// Jest Snapshot v1, https://goo.gl/fbAQLP

exports[`Icon component should render icon correctly 1`] = `[Function]`;
