// Jest Snapshot v1, https://goo.gl/fbAQLP

exports[`AvatarGroup should render correctly should render correctly 1`] = `[Function]`;
